
Allocating common symbols
Common symbol       size              file

tmp                 0x4               startup.o
ubSVCn              0x1               startup.o
ubValue             0x1               UserCode.o
ubNVICpriorityTable
                    0x64              interrupts.o
uwValue             0x2               UserCode.o
ulValue             0x4               UserCode.o

Memory Configuration

Name             Origin             Length             Attributes
RAM              0x0000000020000000 0x0000000000010000 xrw
FLASH            0x0000000008000000 0x0000000000040000 xr
*default*        0x0000000000000000 0xffffffffffffffff

Linker script and memory map

LOAD startup.o
LOAD genrtn.o
LOAD interrupts.o
LOAD UserCode.o
LOAD /usr/lib/gcc/arm-none-eabi/9.2.1/../../../arm-none-eabi/lib/thumb/v7e-m+fp/hard/libm.a
LOAD /usr/lib/gcc/arm-none-eabi/9.2.1/thumb/v7e-m+fp/hard/libgcc.a
LOAD /usr/lib/gcc/arm-none-eabi/9.2.1/../../../arm-none-eabi/lib/thumb/v7e-m+fp/hard/libc.a
START GROUP
LOAD /usr/lib/gcc/arm-none-eabi/9.2.1/thumb/v7e-m+fp/hard/libgcc.a
LOAD /usr/lib/gcc/arm-none-eabi/9.2.1/../../../arm-none-eabi/lib/thumb/v7e-m+fp/hard/libg.a
LOAD /usr/lib/gcc/arm-none-eabi/9.2.1/../../../arm-none-eabi/lib/thumb/v7e-m+fp/hard/libc.a
END GROUP
                0x0000000020010000                eram = 0x20010000
                0x0000000020010000                _eram = eram
                0x0000000020010000                __eram = _eram
                0x0000000008040000                eflash = 0x8040000
                0x0000000008040000                _eflash = eflash
                0x0000000008040000                __eflash = _eflash
                0x0000000000001000                Minimum_Stack_Size = 0x1000
                0x0000000000001000                Stack_Size = 0x1000
                0x0000000020010000                Stack_End = _eram
                0x000000002000f000                Stack_Start = (Stack_End - Stack_Size)
                [!provide]                        PROVIDE (_Stack_Size = Stack_Size)
                [!provide]                        PROVIDE (__Stack_Size = Stack_Size)
                0x0000000020010000                estack = 0x20010000
                0x0000000020010000                _estack = estack
                0x0000000000000000                _Min_Heap_Size = 0x0
                [!provide]                        PROVIDE (_HEAP_START = _end)
                [!provide]                        PROVIDE (_HEAP_END = ALIGN (((ORIGIN (RAM) + LENGTH (RAM)) - 0x8), 0x8))

.isr_vector     0x0000000008000000      0x1b0
                0x0000000008000000                . = ALIGN (0x4)
 *(.isr_vector)
 .isr_vector    0x0000000008000000      0x1b0 interrupts.o
                0x0000000008000000                g_pfnVectors
                0x00000000080001b0                . = ALIGN (0x4)

.text           0x00000000080001b0     0x13a8
                0x00000000080001b0                . = ALIGN (0x4)
 *(.text)
 .text          0x00000000080001b0      0x950 startup.o
                0x00000000080001b0                fnReset_IRQ
 .text          0x0000000008000b00      0x280 genrtn.o
                0x0000000008000b00                fnDoPulse
                0x0000000008000b3c                fnPulseByteOut
                0x0000000008000bfc                fnPulseWordOut
                0x0000000008000cc0                fnPulseLongOut
 .text          0x0000000008000d80      0x658 interrupts.o
                0x0000000008000e40                fnInitNVIC
                0x0000000008000e94                fnNull_IRQ
                0x0000000008000ea2                fnNMI_IRQ
                0x0000000008000eb0                fnHardFault_IRQ
                0x0000000008000ebe                fnMemManage_IRQ
                0x0000000008000ecc                fnBusFault_IRQ
                0x0000000008000eda                fnIllegal_IRQ
                0x0000000008000ee8                fnSVC_IRQ
                0x0000000008000f58                fnDebug_IRQ
                0x0000000008000f66                fnPendSVC_IRQ
                0x0000000008000f74                fnSysTick_IRQ
                0x0000000008000f82                fnWWDG_IRQ
                0x0000000008000f90                fnPVD_IRQ
                0x0000000008000f9e                fnRTC_IRQ
                0x0000000008000fac                fnRTC_WKUP_IRQ
                0x0000000008000fba                fnFLASH_IRQ
                0x0000000008000fc8                fnRCC_IRQ
                0x0000000008000fd6                fnEXTI_0_IRQ
                0x0000000008000fe4                fnEXTI_1_IRQ
                0x0000000008000ff2                fnEXTI_2_IRQ
                0x0000000008001000                fnEXTI_3_IRQ
                0x000000000800100e                fnEXTI_4_IRQ
                0x000000000800101c                fnDMA_11_IRQ
                0x000000000800102a                fnDMA_12_IRQ
                0x0000000008001038                fnDMA_13_IRQ
                0x0000000008001046                fnDMA_14_IRQ
                0x0000000008001054                fnDMA_15_IRQ
                0x0000000008001062                fnDMA_16_IRQ
                0x0000000008001070                fnDMA_17_IRQ
                0x000000000800107e                fnADC_IRQ
                0x000000000800108c                fnCAN1_TX_IRQ
                0x000000000800109a                fnCAN1_RX0_IRQ
                0x00000000080010a8                fnCAN1_RX1_IRQ
                0x00000000080010b6                fnCAN1_SCE_IRQ
                0x00000000080010c4                fnEXTI_5_9_IRQ
                0x00000000080010d2                fnTIM1_BK_TIM15_IRQ
                0x00000000080010e0                fnTIM1_UP_TIM16_IRQ
                0x00000000080010ee                fnTIM1_TRG_COM_IRQ
                0x00000000080010fc                fnTIM1_CC_IRQ
                0x000000000800110a                fnTIM2_IRQ
                0x0000000008001118                fnTIM3_IRQ
                0x0000000008001126                fnTIM4_IRQ
                0x0000000008001134                fnI2C1_EV_IRQ
                0x0000000008001142                fnI2C1_ER_IRQ
                0x0000000008001150                fnI2C2_EV_IRQ
                0x000000000800115e                fnI2C2_ER_IRQ
                0x000000000800116c                fnSPI1_IRQ
                0x000000000800117a                fnSPI2_IRQ
                0x0000000008001188                fnUSART1_IRQ
                0x0000000008001196                fnUSART2_IRQ
                0x00000000080011a4                fnUSART3_IRQ
                0x00000000080011b2                fnEXTI_10_15_IRQ
                0x00000000080011c0                fnRTC_ALARM_IRQ
                0x00000000080011ce                fnSDMMC1_IRQ
                0x00000000080011dc                fnSPI3_IRQ
                0x00000000080011ea                fnUSART4_IRQ
                0x00000000080011f8                fnTIM6_IRQ
                0x0000000008001206                fnTIM7_IRQ
                0x0000000008001214                fnDMA_21_IRQ
                0x0000000008001222                fnDMA_22_IRQ
                0x0000000008001230                fnDMA_23_IRQ
                0x000000000800123e                fnDMA_24_IRQ
                0x000000000800124c                fnDMA_25_IRQ
                0x000000000800125a                fnCOMP_IRQ
                0x0000000008001268                fnLPTIM1_IRQ
                0x0000000008001276                fnLPTIM2_IRQ
                0x0000000008001284                fnUSB_FS_IRQ
                0x0000000008001292                fnDMA_26_IRQ
                0x00000000080012a0                fnDMA_27_IRQ
                0x00000000080012ae                fnLPUART1_IRQ
                0x00000000080012bc                fnQUADSPI_IRQ
                0x00000000080012ca                fnI2C3_EV_IRQ
                0x00000000080012d8                fnI2C3_ER_IRQ
                0x00000000080012e6                fnSAI_IRQ
                0x00000000080012f4                fnSWPMI1_IRQ
                0x0000000008001302                fnTSC_IRQ
                0x0000000008001310                fnRNG_IRQ
                0x000000000800131e                fnFPU_IRQ
                0x000000000800132c                fnCRS_IRQ
                0x000000000800133a                fnEnaInt
                0x0000000008001358                fnDisInt
                0x0000000008001376                fnSetIntPend
                0x0000000008001394                fnClrIntPend
                0x00000000080013b2                fnSetIntPriority
 .text          0x00000000080013d8      0x11c UserCode.o
                0x00000000080013d8                timeDelay
                0x00000000080014ca                main
 *(.text.*)
                0x00000000080014f4                . = ALIGN (0x4)
 *(.rodata)
 .rodata        0x00000000080014f4       0x64 interrupts.o
                0x00000000080014f4                ubInterruptConfigs
                0x0000000008001558                . = ALIGN (0x4)
                0x0000000008001558                _etext = .
                0x0000000008001558                _sidata = _etext

.glue_7         0x0000000008001558        0x0
 .glue_7        0x0000000008001558        0x0 linker stubs

.glue_7t        0x0000000008001558        0x0
 .glue_7t       0x0000000008001558        0x0 linker stubs

.vfp11_veneer   0x0000000008001558        0x0
 .vfp11_veneer  0x0000000008001558        0x0 linker stubs

.v4_bx          0x0000000008001558        0x0
 .v4_bx         0x0000000008001558        0x0 linker stubs

.iplt           0x0000000008001558        0x0
 .iplt          0x0000000008001558        0x0 startup.o

.rel.dyn        0x0000000008001558        0x0
 .rel.iplt      0x0000000008001558        0x0 startup.o

.data           0x0000000020000000        0x0 load address 0x0000000008001558
                0x0000000020000000                . = ALIGN (0x8)
                0x0000000020000000                _sdata = .
 *(.data)
 .data          0x0000000020000000        0x0 startup.o
 .data          0x0000000020000000        0x0 genrtn.o
 .data          0x0000000020000000        0x0 interrupts.o
 .data          0x0000000020000000        0x0 UserCode.o
                0x0000000020000000                . = ALIGN (0x8)
                0x0000000020000000                _edata = .

.igot.plt       0x0000000020000000        0x0 load address 0x0000000008001558
 .igot.plt      0x0000000020000000        0x0 startup.o

.bss            0x0000000020000000       0x80 load address 0x0000000008001558
                0x0000000020000000                . = ALIGN (0x8)
                0x0000000020000000                _sbss = .
 *(.bss)
 .bss           0x0000000020000000        0x8 startup.o
                0x0000000020000000                ulT
                0x0000000020000004                ulSystemFlags
 .bss           0x0000000020000008        0x0 genrtn.o
 .bss           0x0000000020000008        0x0 interrupts.o
 .bss           0x0000000020000008        0x0 UserCode.o
 *(COMMON)
 COMMON         0x0000000020000008        0x5 startup.o
                0x0000000020000008                tmp
                0x000000002000000c                ubSVCn
 *fill*         0x000000002000000d        0x3 
 COMMON         0x0000000020000010       0x64 interrupts.o
                0x0000000020000010                ubNVICpriorityTable
 COMMON         0x0000000020000074        0x8 UserCode.o
                0x0000000020000074                ubValue
                0x0000000020000076                uwValue
                0x0000000020000078                ulValue
                0x0000000020000080                . = ALIGN (0x8)
 *fill*         0x000000002000007c        0x4 
                0x0000000020000080                _ebss = .
                [!provide]                        PROVIDE (start = _sbss)
                [!provide]                        PROVIDE (_start = _sbss)
                [!provide]                        PROVIDE (end = _ebss)
                [!provide]                        PROVIDE (_end = _ebss)
OUTPUT(UserCode.elf elf32-littlearm)
LOAD linker stubs

.debug_info     0x0000000000000000     0x3bb9
 .debug_info    0x0000000000000000      0xc34 startup.o
 .debug_info    0x0000000000000c34      0xca9 genrtn.o
 .debug_info    0x00000000000018dd     0x16a0 interrupts.o
 .debug_info    0x0000000000002f7d      0xc3c UserCode.o

.debug_abbrev   0x0000000000000000      0x98a
 .debug_abbrev  0x0000000000000000      0x237 startup.o
 .debug_abbrev  0x0000000000000237      0x240 genrtn.o
 .debug_abbrev  0x0000000000000477      0x2ac interrupts.o
 .debug_abbrev  0x0000000000000723      0x267 UserCode.o

.debug_loc      0x0000000000000000     0x1a38
 .debug_loc     0x0000000000000000       0x50 startup.o
 .debug_loc     0x0000000000000050      0x158 genrtn.o
 .debug_loc     0x00000000000001a8     0x1808 interrupts.o
 .debug_loc     0x00000000000019b0       0x88 UserCode.o

.debug_aranges  0x0000000000000000       0x80
 .debug_aranges
                0x0000000000000000       0x20 startup.o
 .debug_aranges
                0x0000000000000020       0x20 genrtn.o
 .debug_aranges
                0x0000000000000040       0x20 interrupts.o
 .debug_aranges
                0x0000000000000060       0x20 UserCode.o

.debug_line     0x0000000000000000      0xb34
 .debug_line    0x0000000000000000      0x488 startup.o
 .debug_line    0x0000000000000488      0x25f genrtn.o
 .debug_line    0x00000000000006e7      0x2e4 interrupts.o
 .debug_line    0x00000000000009cb      0x169 UserCode.o

.debug_str      0x0000000000000000      0xd28
 .debug_str     0x0000000000000000      0x630 startup.o
                                        0x688 (size before relaxing)
 .debug_str     0x0000000000000630       0x64 genrtn.o
                                        0x6c7 (size before relaxing)
 .debug_str     0x0000000000000694      0x537 interrupts.o
                                        0xb9a (size before relaxing)
 .debug_str     0x0000000000000bcb      0x15d UserCode.o
                                        0x6b5 (size before relaxing)

.comment        0x0000000000000000       0xa5
 .comment       0x0000000000000000       0x4c startup.o
                                         0x4d (size before relaxing)
 .comment       0x000000000000004c       0x4d genrtn.o
 .comment       0x000000000000004c       0x4d interrupts.o
 .comment       0x000000000000004c       0x59 UserCode.o
                                         0x5a (size before relaxing)

.ARM.attributes
                0x0000000000000000       0x34
 .ARM.attributes
                0x0000000000000000       0x34 startup.o
 .ARM.attributes
                0x0000000000000034       0x34 genrtn.o
 .ARM.attributes
                0x0000000000000068       0x34 interrupts.o
 .ARM.attributes
                0x000000000000009c       0x34 UserCode.o

.debug_frame    0x0000000000000000      0xc7c
 .debug_frame   0x0000000000000000       0x38 startup.o
 .debug_frame   0x0000000000000038       0xa8 genrtn.o
 .debug_frame   0x00000000000000e0      0xb48 interrupts.o
 .debug_frame   0x0000000000000c28       0x54 UserCode.o

Cross Reference Table

Symbol                                            File
_ebss                                             startup.o
_edata                                            startup.o
_estack                                           interrupts.o
_sbss                                             startup.o
_sdata                                            startup.o
_sidata                                           startup.o
fnADC_IRQ                                         interrupts.o
fnBusFault_IRQ                                    interrupts.o
fnCAN1_RX0_IRQ                                    interrupts.o
fnCAN1_RX1_IRQ                                    interrupts.o
fnCAN1_SCE_IRQ                                    interrupts.o
fnCAN1_TX_IRQ                                     interrupts.o
fnCOMP_IRQ                                        interrupts.o
fnCRS_IRQ                                         interrupts.o
fnClrIntPend                                      interrupts.o
fnDMA_11_IRQ                                      interrupts.o
fnDMA_12_IRQ                                      interrupts.o
fnDMA_13_IRQ                                      interrupts.o
fnDMA_14_IRQ                                      interrupts.o
fnDMA_15_IRQ                                      interrupts.o
fnDMA_16_IRQ                                      interrupts.o
fnDMA_17_IRQ                                      interrupts.o
fnDMA_21_IRQ                                      interrupts.o
fnDMA_22_IRQ                                      interrupts.o
fnDMA_23_IRQ                                      interrupts.o
fnDMA_24_IRQ                                      interrupts.o
fnDMA_25_IRQ                                      interrupts.o
fnDMA_26_IRQ                                      interrupts.o
fnDMA_27_IRQ                                      interrupts.o
fnDebug_IRQ                                       interrupts.o
fnDisInt                                          interrupts.o
fnDoPulse                                         genrtn.o
fnEXTI_0_IRQ                                      interrupts.o
fnEXTI_10_15_IRQ                                  interrupts.o
fnEXTI_1_IRQ                                      interrupts.o
fnEXTI_2_IRQ                                      interrupts.o
fnEXTI_3_IRQ                                      interrupts.o
fnEXTI_4_IRQ                                      interrupts.o
fnEXTI_5_9_IRQ                                    interrupts.o
fnEnaInt                                          interrupts.o
fnFLASH_IRQ                                       interrupts.o
fnFPU_IRQ                                         interrupts.o
fnHardFault_IRQ                                   interrupts.o
fnI2C1_ER_IRQ                                     interrupts.o
fnI2C1_EV_IRQ                                     interrupts.o
fnI2C2_ER_IRQ                                     interrupts.o
fnI2C2_EV_IRQ                                     interrupts.o
fnI2C3_ER_IRQ                                     interrupts.o
fnI2C3_EV_IRQ                                     interrupts.o
fnIllegal_IRQ                                     interrupts.o
fnInitNVIC                                        interrupts.o
fnLPTIM1_IRQ                                      interrupts.o
fnLPTIM2_IRQ                                      interrupts.o
fnLPUART1_IRQ                                     interrupts.o
fnMemManage_IRQ                                   interrupts.o
fnNMI_IRQ                                         interrupts.o
fnNull_IRQ                                        interrupts.o
fnPVD_IRQ                                         interrupts.o
fnPendSVC_IRQ                                     interrupts.o
fnPulseByteOut                                    genrtn.o
fnPulseLongOut                                    genrtn.o
fnPulseWordOut                                    genrtn.o
fnQUADSPI_IRQ                                     interrupts.o
fnRCC_IRQ                                         interrupts.o
fnRNG_IRQ                                         interrupts.o
fnRTC_ALARM_IRQ                                   interrupts.o
fnRTC_IRQ                                         interrupts.o
fnRTC_WKUP_IRQ                                    interrupts.o
fnReset_IRQ                                       startup.o
                                                  interrupts.o
fnSAI_IRQ                                         interrupts.o
fnSDMMC1_IRQ                                      interrupts.o
fnSPI1_IRQ                                        interrupts.o
fnSPI2_IRQ                                        interrupts.o
fnSPI3_IRQ                                        interrupts.o
fnSVC_IRQ                                         interrupts.o
fnSWPMI1_IRQ                                      interrupts.o
fnSetIntPend                                      interrupts.o
fnSetIntPriority                                  interrupts.o
fnSysTick_IRQ                                     interrupts.o
fnTIM1_BK_TIM15_IRQ                               interrupts.o
fnTIM1_CC_IRQ                                     interrupts.o
fnTIM1_TRG_COM_IRQ                                interrupts.o
fnTIM1_UP_TIM16_IRQ                               interrupts.o
fnTIM2_IRQ                                        interrupts.o
fnTIM3_IRQ                                        interrupts.o
fnTIM4_IRQ                                        interrupts.o
fnTIM6_IRQ                                        interrupts.o
fnTIM7_IRQ                                        interrupts.o
fnTSC_IRQ                                         interrupts.o
fnUSART1_IRQ                                      interrupts.o
fnUSART2_IRQ                                      interrupts.o
fnUSART3_IRQ                                      interrupts.o
fnUSART4_IRQ                                      interrupts.o
fnUSB_FS_IRQ                                      interrupts.o
fnWWDG_IRQ                                        interrupts.o
g_pfnVectors                                      interrupts.o
main                                              UserCode.o
                                                  startup.o
timeDelay                                         UserCode.o
tmp                                               startup.o
ubInterruptConfigs                                interrupts.o
ubNVICpriorityTable                               interrupts.o
ubSVCn                                            startup.o
                                                  interrupts.o
ubValue                                           UserCode.o
ulSystemFlags                                     startup.o
ulT                                               startup.o
ulValue                                           UserCode.o
uwValue                                           UserCode.o
